#-----------------------------------------------------------
# Vivado v2016.4 (64-bit)
# SW Build 1756540 on Mon Jan 23 19:11:23 MST 2017
# IP Build 1755317 on Mon Jan 23 20:30:07 MST 2017
# Start of session at: Wed Jun 13 16:39:01 2018
# Process ID: 5216
# Current directory: D:/EiT - systemy wbudowane/IV rok/SDUP/projekt_sdup/Cordic_project/cordic_project
# Command line: vivado.exe -gui_launcher_event rodinguilauncherevent6216 D:\EiT - systemy wbudowane\IV rok\SDUP\projekt_sdup\Cordic_project\cordic_project\cordic_project.xpr
# Log file: D:/EiT - systemy wbudowane/IV rok/SDUP/projekt_sdup/Cordic_project/cordic_project/vivado.log
# Journal file: D:/EiT - systemy wbudowane/IV rok/SDUP/projekt_sdup/Cordic_project/cordic_project\vivado.jou
#-----------------------------------------------------------
start_gui
open_project {D:/EiT - systemy wbudowane/IV rok/SDUP/projekt_sdup/Cordic_project/cordic_project/cordic_project.xpr}
set_property SOURCE_SET sources_1 [get_filesets sim_1]
add_files -fileset sim_1 -norecurse C:/Users/plusq/Desktop/Cordic_project-master/cordic_project/cordic_project.srcs/sim_1/new/cordic_trig_tb.v
open_bd_design {D:/EiT - systemy wbudowane/IV rok/SDUP/projekt_sdup/Cordic_project/cordic_project/cordic_project.srcs/sources_1/bd/cordic_block/cordic_block.bd}
update_module_reference cordic_block_cordic_pipe_rtl_0_0
update_module_reference cordic_block_cordic_trig_0_0
set_property location {1 -96 -33} [get_bd_cells cordic_inc_0]
undo
launch_simulation
source cordic_project_tb.tcl
close_sim
launch_simulation
source cordic_project_tb.tcl
close_sim
